Microchip MPLAB XC8 Compiler V2.30

Linker command line:

-W-3 --edf=C:\Program Files\Microchip\xc8\v2.30\pic\dat\en_msgs.txt -cn \
  -h+dist/default/production\Motor_Control.production.sym \
  --cmf=dist/default/production\Motor_Control.production.cmf -z -Q18F4620 \
  -oC:\Users\yasee\AppData\Local\Temp\s14sx2 --defsym=__MPLAB_BUILD=1 \
  -Mdist/default/production/Motor_Control.production.map -E1 \
  -ver=XC8 Compiler --acfsm=1493 -ASTACK=015Bh-0F7Fh -pstack=STACK \
  -ACODE=00h-0FFFFh -ACONST=00h-0FFFFh -ASMALLCONST=01000h-010FFhx240 \
  -AMEDIUMCONST=01000h-0FFFFh -ACOMRAM=01h-07Fh -AABS1=00h-0F7Fh \
  -ABIGRAM=01h-0F7Fh -ARAM=080h-0FFh,0100h-01FFhx14,0F00h-0F7Fh \
  -ABANK0=080h-0FFh -ABANK1=0100h-01FFh -ABANK2=0200h-02FFh \
  -ABANK3=0300h-03FFh -ABANK4=0400h-04FFh -ABANK5=0500h-05FFh \
  -ABANK6=0600h-06FFh -ABANK7=0700h-07FFh -ABANK8=0800h-08FFh \
  -ABANK9=0900h-09FFh -ABANK10=0A00h-0AFFh -ABANK11=0B00h-0BFFh \
  -ABANK12=0C00h-0CFFh -ABANK13=0D00h-0DFFh -ABANK14=0E00h-0EFFh \
  -ABANK15=0F00h-0F7Fh -ASFR=0F80h-0FFFh -ACONFIG=0300000h-030000Dh \
  -AIDLOC=0200000h-0200007h -AEEDATA=0F00000h-0F003FFh -peeprom_data=EEDATA \
  -preset_vec=00h,intcode=08h,intcodelo=018h,powerup,init -pramtop=01000h \
  -psmallconst=SMALLCONST -pmediumconst=MEDIUMCONST -pconst=CONST \
  -AFARRAM=00h-00h \
  -prdata=COMRAM,nvrram=COMRAM,nvbit=COMRAM,rbss=COMRAM,rbit=COMRAM \
  -pfarbss=FARRAM,fardata=FARRAM,nvFARRAM=FARRAM \
  -pintsave_regs=BIGRAM,bigbss=BIGRAM,bigdata=BIGRAM -pbss=RAM \
  -pidata=CODE,irdata=CODE,ibigdata=CODE,ifardata=CODE -prparam=COMRAM \
  C:\Users\yasee\AppData\Local\Temp\s14sxd.o \
  dist/default/production\Motor_Control.production.o 

Object code version is 3.11

Machine type is 18F4620



                Name                               Link     Load   Length Selector   Space Scale
C:\Users\yasee\AppData\Local\Temp\s14sxd.o
                idloc                            200000   200000        8        0       5
                config                           300000   300000        E        0       4
                init                                 46       46        4        C       0
                reset_vec                             0        0        4        0       0
dist/default/production\Motor_Control.production.o
                intcodelo                            18       18       2E        C       0
                intcode                               8        8        6        4       0
                idloc                            200000   200000        8        0       5
                config                           300000   300000        E        0       4
                temp                                 6F       6F        1        1       1
                smallconst                         1000     1000       76      800       0
                text113                            4006     4006        4     1FAA       0
                text112                            4002     4002        4     1FAA       0
                text111                            3FFE     3FFE        4     1FAA       0
                text110                            3FFA     3FFA        4     1FAA       0
                text109                            3FF6     3FF6        4     1FAA       0
                text108                            2810     2810      114      83B       0
                text107                            3ED0     3ED0       14      83B       0
                text106                            3EA4     3EA4       18      83B       0
                text105                            3FBC     3FBC        6     1FAA       0
                text104                            3AD0     3AD0       44      83B       0
                text103                            3E8C     3E8C       18      83B       0
                text102                            3FB6     3FB6        6     1FAA       0
                text101                            3A8C     3A8C       44      83B       0
                text100                            3F9C     3F9C        8     1FAA       0
                text99                             3E74     3E74       18      83B       0
                text98                             3FB0     3FB0        6     1FAA       0
                text97                             3A48     3A48       44      83B       0
                text96                             400E     400E        2     1FAA       0
                text95                             3FF2     3FF2        4     1FAA       0
                intcode_body                       19F8     19F8      1D6      83B       0
                text93                             3FEE     3FEE        4     1FAA       0
                text91                             3018     3018       B8      83B       0
                text90                             26F2     26F2      11E      83B       0
                text89                             2A2C     2A2C      104      83B       0
                text88                             3B14     3B14       42      83B       0
                text87                             3C54     3C54       38      83B       0
                text86                             2370     2370      138      83B       0
                text85                             181E     181E      1DA      83B       0
                text84                             3970     3970       50      83B       0
                text83                             1356     1356      26E      83B       0
                text82                             34B2     34B2       82      83B       0
                text81                             3FEA     3FEA        4     1FAA       0
                text80                             3FE6     3FE6        4     1FAA       0
                text79                             3FE2     3FE2        4     1FAA       0
                text78                             3D9C     3D9C       2C      83B       0
                text77                             3FDE     3FDE        4     1FAA       0
                text76                             3FDA     3FDA        4     1FAA       0
                text75                             3FD6     3FD6        4     1FAA       0
                text74                             3DC8     3DC8       24      83B       0
                text73                             35B0     35B0       7A      83B       0
                text72                             3E5C     3E5C       18      83B       0
                text71                             3D70     3D70       2C      83B       0
                text70                             3FD2     3FD2        4     1FAA       0
                text69                             3FCE     3FCE        4     1FAA       0
                text68                             3D44     3D44       2C      83B       0
                text67                             3D18     3D18       2C      83B       0
                text66                             3CEC     3CEC       2C      83B       0
                text65                             3BD6     3BD6       40      83B       0
                text64                             3FCA     3FCA        4     1FAA       0
                text63                             3FAA     3FAA        6     1FAA       0
                text62                             3FC6     3FC6        4     1FAA       0
                text61                             3FA4     3FA4        6     1FAA       0
                text60                             3F94     3F94        8     1FAA       0
                text59                             3EBC     3EBC       14      83B       0
                text58                             3FC2     3FC2        4     1FAA       0
                text57                             3534     3534       7C      83B       0
                text56                             3F2A     3F2A        C      83B       0
                text55                             3EF4     3EF4       10      83B       0
                text54                             3F04     3F04        E      83B       0
                text53                             2E92     2E92       C4      83B       0
                text52                             30D0     30D0       A6      83B       0
                text51                             3F1E     3F1E        C      83B       0
                text50                             3F8C     3F8C        8     1FAA       0
                text49                             3F84     3F84        8     1FAA       0
                text48                             3F7C     3F7C        8     1FAA       0
                text47                             3F74     3F74        8     1FAA       0
                text46                             3F6C     3F6C        8     1FAA       0
                text45                             3F64     3F64        8     1FAA       0
                text44                             3F5C     3F5C        8     1FAA       0
                text43                             3F12     3F12        C      83B       0
                text42                             37FC     37FC       66      83B       0
                text41                             378C     378C       70      83B       0
                text40                             3EE4     3EE4       10      83B       0
                text39                             3E0E     3E0E       1E      83B       0
                text38                             3A04     3A04       44      83B       0
                text37                             3F54     3F54        8     1FAA       0
                text36                             3DEC     3DEC       22      83B       0
                text35                             3210     3210       8E      83B       0
                text34                             3E44     3E44       18      83B       0
                text33                             3718     3718       74      83B       0
                text32                             2096     2096      176      83B       0
                text31                             1D8C     1D8C      188      83B       0
                text30                             220C     220C      164      83B       0
                text29                             3B96     3B96       40      83B       0
                text28                             400C     400C        2     1FAA       0
                text27                             2DC8     2DC8       CA      83B       0
                text26                             39C0     39C0       44      83B       0
                text25                             2F56     2F56       C2      83B       0
                text24                             1076     1076      2E0      83B       0
                text23                             1BCE     1BCE      1BE      83B       0
                text22                             3862     3862       64      83B       0
                text21                             391E     391E       52      83B       0
                text20                             3176     3176       9A      83B       0
                text19                             2924     2924      108      83B       0
                text18                             1F14     1F14      182      83B       0
                text17                             3F40     3F40        A      83B       0
                text16                             15C4     15C4      25A      83B       0
                text15                             342E     342E       84      83B       0
                text14                             33AA     33AA       84      83B       0
                text13                             2C10     2C10       E0      83B       0
                text12                             2B30     2B30       E0      83B       0
                text11                             3324     3324       86      83B       0
                text10                             3E2C     3E2C       18      83B       0
                text9                              24A8     24A8      12A      83B       0
                text8                              362A     362A       78      83B       0
                text7                              25D2     25D2      120      83B       0
                text6                              3B56     3B56       40      83B       0
                text5                              36A2     36A2       76      83B       0
                text4                              2CF0     2CF0       D8      83B       0
                text3                              3C16     3C16       3E      83B       0
                text2                              3F36     3F36        A      83B       0
                text1                              3C8C     3C8C       34      83B       0
                text0                              38C6     38C6       58      83B       0
                cstackCOMRAM                          1        1       5E        1       1
                cstackBANK0                          D5       D5       20       80       1
                cstackBANK1                         14C      14C        F      100       1
                dataBANK1                           100      100       2C      100       1
                bssBANK1                            12C      12C       20      100       1
                dataBANK0                            F5       F5        9       80       1
                bssBANK0                             80       80       55       80       1
                dataCOMRAM                           6D       6D        2        1       1
                bssCOMRAM                            5F       5F        E        1       1
                cinit                              329E     329E       86      83B       0
                idataBANK1                         3CC0     3CC0       2C      83B       0
                idataBANK0                         3F4A     3F4A        9      83B       0
                idataCOMRAM                        400A     400A        2     1FAA       0

TOTAL           Name                               Link     Load   Length     Space
        CLASS   STACK          

        CLASS   CODE           
                intcodelo                            18       18       2E         0
                intcode                               8        8        6         0
                init                                 46       46        4         0
                reset_vec                             0        0        4         0
                text113                            4006     4006        4         0
                text112                            4002     4002        4         0
                text111                            3FFE     3FFE        4         0
                text110                            3FFA     3FFA        4         0
                text109                            3FF6     3FF6        4         0
                text108                            2810     2810      114         0
                text107                            3ED0     3ED0       14         0
                text106                            3EA4     3EA4       18         0
                text105                            3FBC     3FBC        6         0
                text104                            3AD0     3AD0       44         0
                text103                            3E8C     3E8C       18         0
                text102                            3FB6     3FB6        6         0
                text101                            3A8C     3A8C       44         0
                text100                            3F9C     3F9C        8         0
                text99                             3E74     3E74       18         0
                text98                             3FB0     3FB0        6         0
                text97                             3A48     3A48       44         0
                text96                             400E     400E        2         0
                text95                             3FF2     3FF2        4         0
                intcode_body                       19F8     19F8      1D6         0
                text93                             3FEE     3FEE        4         0
                text91                             3018     3018       B8         0
                text90                             26F2     26F2      11E         0
                text89                             2A2C     2A2C      104         0
                text88                             3B14     3B14       42         0
                text87                             3C54     3C54       38         0
                text86                             2370     2370      138         0
                text85                             181E     181E      1DA         0
                text84                             3970     3970       50         0
                text83                             1356     1356      26E         0
                text82                             34B2     34B2       82         0
                text81                             3FEA     3FEA        4         0
                text80                             3FE6     3FE6        4         0
                text79                             3FE2     3FE2        4         0
                text78                             3D9C     3D9C       2C         0
                text77                             3FDE     3FDE        4         0
                text76                             3FDA     3FDA        4         0
                text75                             3FD6     3FD6        4         0
                text74                             3DC8     3DC8       24         0
                text73                             35B0     35B0       7A         0
                text72                             3E5C     3E5C       18         0
                text71                             3D70     3D70       2C         0
                text70                             3FD2     3FD2        4         0
                text69                             3FCE     3FCE        4         0
                text68                             3D44     3D44       2C         0
                text67                             3D18     3D18       2C         0
                text66                             3CEC     3CEC       2C         0
                text65                             3BD6     3BD6       40         0
                text64                             3FCA     3FCA        4         0
                text63                             3FAA     3FAA        6         0
                text62                             3FC6     3FC6        4         0
                text61                             3FA4     3FA4        6         0
                text60                             3F94     3F94        8         0
                text59                             3EBC     3EBC       14         0
                text58                             3FC2     3FC2        4         0
                text57                             3534     3534       7C         0
                text56                             3F2A     3F2A        C         0
                text55                             3EF4     3EF4       10         0
                text54                             3F04     3F04        E         0
                text53                             2E92     2E92       C4         0
                text52                             30D0     30D0       A6         0
                text51                             3F1E     3F1E        C         0
                text50                             3F8C     3F8C        8         0
                text49                             3F84     3F84        8         0
                text48                             3F7C     3F7C        8         0
                text47                             3F74     3F74        8         0
                text46                             3F6C     3F6C        8         0
                text45                             3F64     3F64        8         0
                text44                             3F5C     3F5C        8         0
                text43                             3F12     3F12        C         0
                text42                             37FC     37FC       66         0
                text41                             378C     378C       70         0
                text40                             3EE4     3EE4       10         0
                text39                             3E0E     3E0E       1E         0
                text38                             3A04     3A04       44         0
                text37                             3F54     3F54        8         0
                text36                             3DEC     3DEC       22         0
                text35                             3210     3210       8E         0
                text34                             3E44     3E44       18         0
                text33                             3718     3718       74         0
                text32                             2096     2096      176         0
                text31                             1D8C     1D8C      188         0
                text30                             220C     220C      164         0
                text29                             3B96     3B96       40         0
                text28                             400C     400C        2         0
                text27                             2DC8     2DC8       CA         0
                text26                             39C0     39C0       44         0
                text25                             2F56     2F56       C2         0
                text24                             1076     1076      2E0         0
                text23                             1BCE     1BCE      1BE         0
                text22                             3862     3862       64         0
                text21                             391E     391E       52         0
                text20                             3176     3176       9A         0
                text19                             2924     2924      108         0
                text18                             1F14     1F14      182         0
                text17                             3F40     3F40        A         0
                text16                             15C4     15C4      25A         0
                text15                             342E     342E       84         0
                text14                             33AA     33AA       84         0
                text13                             2C10     2C10       E0         0
                text12                             2B30     2B30       E0         0
                text11                             3324     3324       86         0
                text10                             3E2C     3E2C       18         0
                text9                              24A8     24A8      12A         0
                text8                              362A     362A       78         0
                text7                              25D2     25D2      120         0
                text6                              3B56     3B56       40         0
                text5                              36A2     36A2       76         0
                text4                              2CF0     2CF0       D8         0
                text3                              3C16     3C16       3E         0
                text2                              3F36     3F36        A         0
                text1                              3C8C     3C8C       34         0
                text0                              38C6     38C6       58         0
                cinit                              329E     329E       86         0
                idataBANK1                         3CC0     3CC0       2C         0
                idataBANK0                         3F4A     3F4A        9         0
                idataCOMRAM                        400A     400A        2         0

        CLASS   CONST          

        CLASS   SMALLCONST     
                smallconst                         1000     1000       76         0

        CLASS   MEDIUMCONST    

        CLASS   COMRAM         
                temp                                 6F       6F        1         1
                cstackCOMRAM                          1        1       5E         1
                dataCOMRAM                           6D       6D        2         1
                bssCOMRAM                            5F       5F        E         1

        CLASS   ABS1           

        CLASS   BIGRAM         

        CLASS   RAM            

        CLASS   BANK0          
                cstackBANK0                          D5       D5       20         1
                dataBANK0                            F5       F5        9         1
                bssBANK0                             80       80       55         1

        CLASS   BANK1          
                cstackBANK1                         14C      14C        F         1
                dataBANK1                           100      100       2C         1
                bssBANK1                            12C      12C       20         1

        CLASS   BANK2          

        CLASS   BANK3          

        CLASS   BANK4          

        CLASS   BANK5          

        CLASS   BANK6          

        CLASS   BANK7          

        CLASS   BANK8          

        CLASS   BANK9          

        CLASS   BANK10         

        CLASS   BANK11         

        CLASS   BANK12         

        CLASS   BANK13         

        CLASS   BANK14         

        CLASS   BANK15         

        CLASS   SFR            

        CLASS   CONFIG         
                config                           300000   300000        E         4

        CLASS   IDLOC          
                idloc                            200000   200000        8         5

        CLASS   EEDATA         

        CLASS   FARRAM         



SEGMENTS        Name                           Load    Length   Top    Selector   Space  Class

                reset_vec                      000000  000004  000004         0       0  CODE    
                cstackCOMRAM                   000001  00006F  000070         1       1  COMRAM  
                intcode                        000008  000006  00000E         4       0  CODE    
                intcodelo                      000018  000032  00004A         C       0  CODE    
                bssBANK0                       000080  00007E  0000FE        80       1  BANK0   
                dataBANK1                      000100  00005B  00015B       100       1  BANK1   
                smallconst                     001000  000076  001076       800       0  SMALLCON
                text24                         001076  002EDD  003F53       83B       0  CODE    
                text37                         003F54  0000BC  004010      1FAA       0  CODE    


UNUSED ADDRESS RANGES

        Name                Unused          Largest block    Delta
        BANK0            0000FE-0000FF                2
        BANK1            00015B-0001FF               A5
        BANK10           000A00-000AFF              100
        BANK11           000B00-000BFF              100
        BANK12           000C00-000CFF              100
        BANK13           000D00-000DFF              100
        BANK14           000E00-000EFF              100
        BANK15           000F00-000F7F               80
        BANK2            000200-0002FF              100
        BANK3            000300-0003FF              100
        BANK4            000400-0004FF              100
        BANK5            000500-0005FF              100
        BANK6            000600-0006FF              100
        BANK7            000700-0007FF              100
        BANK8            000800-0008FF              100
        BANK9            000900-0009FF              100
        BIGRAM           000070-00007F               10
                         0000FE-0000FF                2
                         00015B-000F7F              E25
        CODE             000004-000007                4
                         00000E-000017                A
                         00004A-000FFF              FB6
                         003F53-003F53                1
                         004010-00FFFF             BFF0
        COMRAM           000070-00007F               10
        CONST            000004-000007                4
                         00000E-000017                A
                         00004A-000FFF              FB6
                         003F53-003F53                1
                         004010-00FFFF             BFF0
        EEDATA           F00000-F003FF              400
        MEDIUMCONST      003F53-003F53                1
                         004010-00FFFF             BFF0
        RAM              0000FE-0000FF                2
                         00015B-000F7F              100
        SFR              000F80-000FFF               80
        SMALLCONST       003F53-003F53                1
                         004010-00FFFF              100
        STACK            00015B-000F7F              E25

                                  Symbol Table

?___aodiv                                              cstackCOMRAM 000010
?___aomod                                              cstackCOMRAM 000010
?_abs                                                  cstackCOMRAM 000022
?_dtoa                                                 cstackCOMRAM 00002B
?_pad                                                  cstackCOMRAM 000020
?_sprintf                                              cstackBANK0  0000DD
?_strlen                                               cstackCOMRAM 000010
?_vfpfcnvrt                                            cstackCOMRAM 00004F
?_vfprintf                                             cstackBANK0  0000D5
CCP1_PWM_mode_initialization@F3102                     dataBANK0    0000F5
ECU_KEYPAD_intialization@columns_counter               cstackCOMRAM 00001F
ECU_KEYPAD_intialization@keypad_pins                   cstackCOMRAM 000019
ECU_KEYPAD_intialization@rows_counter                  cstackCOMRAM 00001E
ECU_KEYPAD_read_value@columns_counter                  cstackCOMRAM 000024
ECU_KEYPAD_read_value@init_counter                     cstackCOMRAM 000022
ECU_KEYPAD_read_value@keypad_pins                      cstackCOMRAM 00001A
ECU_KEYPAD_read_value@pin_logic                        cstackCOMRAM 000021
ECU_KEYPAD_read_value@ret                              cstackCOMRAM 000020
ECU_KEYPAD_read_value@rows_counter                     cstackCOMRAM 000023
ECU_KEYPAD_read_value@vlaue                            cstackCOMRAM 00001C
ECU_LCD_4_bit_intialization@counter                    cstackCOMRAM 000028
ECU_LCD_4_bit_intialization@lcd_4_bit                  cstackCOMRAM 000023
ECU_LCD_4_bit_send_instruction@counter                 cstackCOMRAM 000022
ECU_LCD_4_bit_send_instruction@inst                    cstackCOMRAM 00001C
ECU_LCD_4_bit_send_instruction@lcd_4_bit               cstackCOMRAM 00001A
ECU_LCD_4_bit_send_instruction@ret                     cstackCOMRAM 000021
ECU_LCD_4_bit_write_char_data_in_pos@column            cstackCOMRAM 000027
ECU_LCD_4_bit_write_char_data_in_pos@counter           cstackCOMRAM 00002E
ECU_LCD_4_bit_write_char_data_in_pos@data              cstackCOMRAM 000025
ECU_LCD_4_bit_write_char_data_in_pos@lcd_4_bit         cstackCOMRAM 000023
ECU_LCD_4_bit_write_char_data_in_pos@ret               cstackCOMRAM 00002D
ECU_LCD_4_bit_write_char_data_in_pos@row               cstackCOMRAM 000026
ECU_LCD_4_bit_write_char_data_in_pos@temp_column       cstackCOMRAM 00002C
ECU_LCD_4_bit_write_string_data_in_pos@column          cstackCOMRAM 000028
ECU_LCD_4_bit_write_string_data_in_pos@counter         cstackCOMRAM 00002F
ECU_LCD_4_bit_write_string_data_in_pos@counter1        cstackCOMRAM 000030
ECU_LCD_4_bit_write_string_data_in_pos@counter2        cstackCOMRAM 000033
ECU_LCD_4_bit_write_string_data_in_pos@data            cstackCOMRAM 000025
ECU_LCD_4_bit_write_string_data_in_pos@lcd_4_bit       cstackCOMRAM 000023
ECU_LCD_4_bit_write_string_data_in_pos@ret             cstackCOMRAM 000032
ECU_LCD_4_bit_write_string_data_in_pos@row             cstackCOMRAM 000027
ECU_LCD_4_bit_write_string_data_in_pos@temp_column     cstackCOMRAM 000031
ECU_LED_intialization@F3057                            bssBANK0     0000CB
ECU_LED_intialization@led                              cstackCOMRAM 000021
ECU_LED_intialization@led_config                       cstackCOMRAM 00001D
ECU_LED_turn_off@F3067                                 bssBANK0     0000C9
ECU_LED_turn_off@led                                   cstackCOMRAM 00001E
ECU_LED_turn_off@led_config                            cstackCOMRAM 00001A
ECU_LED_turn_off@ret                                   cstackCOMRAM 00001D
ECU_LED_turn_on@F3062                                  bssBANK0     0000CA
ECU_LED_turn_on@led                                    cstackCOMRAM 00001E
ECU_LED_turn_on@led_config                             cstackCOMRAM 00001A
ECU_LED_turn_on@ret                                    cstackCOMRAM 00001D
ECU_LED_turn_toggle@F3072                              bssBANK0     0000C8
ECU_MOTOR_intialization@motor_config                   cstackCOMRAM 000019
ECU_MOTOR_intialization@pin1                           cstackCOMRAM 00001D
ECU_MOTOR_intialization@pin2                           cstackCOMRAM 00001E
ECU_MOTOR_turn_forward@motor_config                    cstackCOMRAM 00001A
ECU_MOTOR_turn_forward@pin1                            cstackCOMRAM 00001E
ECU_MOTOR_turn_forward@pin2                            cstackCOMRAM 00001F
ECU_RELAY_intialization@F3055                          bssBANK0     0000C7
ECU_RELAY_turn_STOP@motor_config                       cstackCOMRAM 00001A
ECU_RELAY_turn_STOP@pin1                               cstackCOMRAM 00001E
ECU_RELAY_turn_STOP@pin2                               cstackCOMRAM 00001F
ECU_RELAY_turn_off@F3065                               bssBANK0     0000C5
ECU_RELAY_turn_on@F3060                                bssBANK0     0000C6
EEPROM_read_1byte_data@address                         cstackCOMRAM 000010
EEPROM_read_1byte_data@data                            cstackCOMRAM 000012
EEPROM_read_1byte_data@ret                             cstackCOMRAM 000014
EEPROM_write_1byte_data@address                        cstackCOMRAM 000012
EEPROM_write_1byte_data@data                           cstackCOMRAM 000014
EEPROM_write_1byte_data@ret                            cstackCOMRAM 000015
EEPROM_write_data_required_sequence@temp_intr_gl_vlue  cstackCOMRAM 000011
EEPROM_write_data_required_sequence@temp_intr_pir_vlue cstackCOMRAM 000010
GPIO_PIN_directoin_intialization@pin_config            cstackCOMRAM 000010
GPIO_PIN_directoin_intialization@ret                   cstackCOMRAM 000018
GPIO_PIN_intialization@pin_config                      cstackCOMRAM 00001A
GPIO_PIN_read_logic@pin_config                         cstackCOMRAM 000010
GPIO_PIN_read_logic@pin_logic                          cstackCOMRAM 000012
GPIO_PIN_read_logic@ret                                cstackCOMRAM 000019
GPIO_PIN_write_logic@pin_config                        cstackCOMRAM 000010
GPIO_PIN_write_logic@pin_logic                         cstackCOMRAM 000012
GPIO_PIN_write_logic@ret                               cstackCOMRAM 000019
Get_order_from_user@counter                            cstackBANK1  000159
Get_order_from_user@keypad_speed_value                 cstackBANK1  00015A
Get_order_from_user@keypad_value                       cstackBANK1  000158
Get_order_from_user@speed_value                        cstackBANK1  000157
Get_order_from_user@temp                               cstackBANK1  000153
Get_order_from_user@temp_str                           cstackBANK1  000154
I2C_Close@returnValue                                  cstackCOMRAM 000010
I2C_MasterOperation@read                               cstackCOMRAM 000015
I2C_MasterOperation@returnValue                        cstackCOMRAM 000016
I2C_MasterSendTxData@data                              cstackCOMRAM 000010
I2C_Open@address                                       cstackCOMRAM 000010
I2C_Open@returnValue                                   cstackCOMRAM 000011
I2C_Read1ByteRegister@address                          cstackCOMRAM 00001A
I2C_Read1ByteRegister@reg                              cstackCOMRAM 000019
I2C_Read1ByteRegister@returnValue                      cstackCOMRAM 00001B
I2C_SetAddressNackCallback@cb                          cstackCOMRAM 000015
I2C_SetAddressNackCallback@ptr                         cstackCOMRAM 000017
I2C_SetBuffer@buffer                                   cstackCOMRAM 000010
I2C_SetBuffer@bufferSize                               cstackCOMRAM 000012
I2C_SetCallback@cb                                     cstackCOMRAM 000010
I2C_SetCallback@idx                                    cstackCOMRAM 000014
I2C_SetCallback@ptr                                    cstackCOMRAM 000012
I2C_SetDataCompleteCallback@cb                         cstackCOMRAM 000015
I2C_SetDataCompleteCallback@ptr                        cstackCOMRAM 000017
Temp_control@temp                                      cstackCOMRAM 000020
_ADCON0bits                                            (abs)        000FC2
_ADCON1bits                                            (abs)        000FC1
_ADCON2bits                                            (abs)        000FC0
_ADC_INTRRUPT_HANDLER                                  bssBANK0     0000C2
_ADRESH                                                (abs)        000FC4
_ADRESL                                                (abs)        000FC3
_BAUDCONbits                                           (abs)        000FB8
_CCP1CONbits                                           (abs)        000FBD
_CCP1_interrupt_handler                                bssBANK0     0000C0
_CCPR1L                                                (abs)        000FBE
_ECU_KEYPAD_intialization                              text8        00362A
_ECU_KEYPAD_read_value                                 text89       002A2C
_ECU_LCD_4_bit_intialization                           text7        0025D2
_ECU_LCD_4_bit_send_instruction                        text86       002370
_ECU_LCD_4_bit_write_char_data_in_pos                  text85       00181E
_ECU_LCD_4_bit_write_string_data_in_pos                text83       001356
_ECU_LED_intialization                                 text5        0036A2
_ECU_LED_turn_off                                      text15       00342E
_ECU_LED_turn_on                                       text14       0033AA
_ECU_MOTOR_intialization                               text4        002CF0
_ECU_MOTOR_turn_forward                                text13       002C10
_ECU_RELAY_turn_STOP                                   text12       002B30
_EEADR                                                 (abs)        000FA9
_EEADRH                                                (abs)        000FAA
_EECON1bits                                            (abs)        000FA6
_EECON2                                                (abs)        000FA7
_EEDATA                                                (abs)        000FA8
_EEPROM_read_1byte_data                                text82       0034B2
_EEPROM_write_1byte_data                               text87       003C54
_EEPROM_write_data_required_sequence                   text88       003B14
_External_INT0_interrupt_handler                       bssBANK0     0000BE
_External_INT1_interrupt_handler                       bssBANK0     0000BC
_External_INT2_interrupt_handler                       bssBANK0     0000BA
_GPIO_PIN_directoin_intialization                      text9        0024A8
_GPIO_PIN_intialization                                text6        003B56
_GPIO_PIN_read_logic                                   text91       003018
_GPIO_PIN_write_logic                                  text90       0026F2
_Get_order_from_user                                   text16       0015C4
_I2C_CallbackReturnReset                               text69       003FCE
_I2C_CallbackReturnStop                                text70       003FD2
_I2C_Close                                             text78       003D9C
_I2C_DO_ADDRESS_NACK                                   text42       0037FC
_I2C_DO_IDLE                                           text56       003F2A
_I2C_DO_RCEN                                           text51       003F1E
_I2C_DO_RESET                                          text43       003F12
_I2C_DO_RX                                             text52       0030D0
_I2C_DO_RX_ACK                                         text46       003F6C
_I2C_DO_RX_NACK_RESTART                                text44       003F5C
_I2C_DO_RX_NACK_STOP                                   text45       003F64
_I2C_DO_SEND_ADR_READ                                  text55       003EF4
_I2C_DO_SEND_ADR_WRITE                                 text54       003F04
_I2C_DO_SEND_RESTART                                   text48       003F7C
_I2C_DO_SEND_RESTART_READ                              text50       003F8C
_I2C_DO_SEND_RESTART_WRITE                             text49       003F84
_I2C_DO_SEND_STOP                                      text47       003F74
_I2C_DO_TX                                             text53       002E92
_I2C_DO_TX_EMPTY                                       text57       003534
_I2C_Initialize                                        text10       003E2C
_I2C_MasterClearIrq                                    text81       003FEA
_I2C_MasterClose                                       text80       003FE6
_I2C_MasterDisableIrq                                  text79       003FE2
_I2C_MasterEnableRestart                               text76       003FDA
_I2C_MasterFsm                                         text41       00378C
_I2C_MasterGetRxData                                   text62       003FC6
_I2C_MasterIsNack                                      text59       003EBC
_I2C_MasterOpen                                        text36       003DEC
_I2C_MasterOperation                                   text38       003A04
_I2C_MasterSendAck                                     text61       003FA4
_I2C_MasterSendNack                                    text63       003FAA
_I2C_MasterSendTxData                                  text60       003F94
_I2C_MasterSetIrq                                      text58       003FC2
_I2C_MasterStart                                       text77       003FDE
_I2C_MasterStartRx                                     text64       003FCA
_I2C_MasterStop                                        text75       003FD6
_I2C_MasterWaitForEvent                                text40       003EE4
_I2C_MasterWrite                                       text37       003F54
_I2C_Open                                              text35       003210
_I2C_Poller                                            text39       003E0E
_I2C_Read1ByteRegister                                 text33       003718
_I2C_SetAddressNackCallback                            text34       003E44
_I2C_SetBuffer                                         text74       003DC8
_I2C_SetCallback                                       text73       0035B0
_I2C_SetDataCompleteCallback                           text72       003E5C
_I2C_Status                                            bssBANK0     000080
_INTCON2bits                                           (abs)        000FF1
_INTCON3bits                                           (abs)        000FF0
_INTCONbits                                            (abs)        000FF2
_IPR1bits                                              (abs)        000F9F
_IPR2bits                                              (abs)        000FA2
_ISR_ADC                                               text113      004006
_ISR_CCP1                                              text112      004002
_ISR_INT0                                              text111      003FFE
_ISR_INT1                                              text110      003FFA
_ISR_INT2                                              text93       003FEE
_ISR_RB                                                text109      003FF6
_ISR_SPI                                               text107      003ED0
_ISR_TIMER0                                            text104      003AD0
_ISR_TIMER1                                            text101      003A8C
_ISR_TIMER2                                            text100      003F9C
_ISR_TIMER3                                            text97       003A48
_ISR_USART_Receive                                     text96       00400E
_ISR_USART_Trans                                       text95       003FF2
_Interrupt_Manger_high                                 intcode      000008
_Interrupt_Manger_low                                  intcodelo    000018
_LATA                                                  (abs)        000F89
_LATB                                                  (abs)        000F8A
_LATC                                                  (abs)        000F8B
_LATD                                                  (abs)        000F8C
_LATE                                                  (abs)        000F8D
_LAT_register                                          dataBANK1    00010A
_LCD_home_screen                                       text17       003F40
_PIE1bits                                              (abs)        000F9D
_PIE2bits                                              (abs)        000FA0
_PIR1bits                                              (abs)        000F9E
_PIR2bits                                              (abs)        000FA1
_PORTA                                                 (abs)        000F80
_PORTB                                                 (abs)        000F81
_PORTC                                                 (abs)        000F82
_PORTD                                                 (abs)        000F83
_PORTE                                                 (abs)        000F84
_PORT_register                                         dataBANK1    000100
_PR2                                                   (abs)        000FCB
_PWM_obj                                               bssBANK0     0000CC
_RCONbits                                              (abs)        000FD0
_RCREG                                                 (abs)        000FAE
_RCSTAbits                                             (abs)        000FAB
_Receive_Interrupt_handler                             bssBANK0     0000AC
_SPBRG                                                 (abs)        000FAF
_SPBRGH                                                (abs)        000FB0
_SPI_INTERRUPT_HANDLER                                 bssBANK0     0000B6
_SSPADD                                                (abs)        000FC8
_SSPBUF                                                (abs)        000FC9
_SSPCON1                                               (abs)        000FC6
_SSPCON1bits                                           (abs)        000FC6
_SSPCON2                                               (abs)        000FC5
_SSPCON2bits                                           (abs)        000FC5
_SSPSTAT                                               (abs)        000FC7
_SSPSTATbits                                           (abs)        000FC7
_SS_pin                                                bssCOMRAM    00006C
_T0CONbits                                             (abs)        000FD5
_T1CONbits                                             (abs)        000FCD
_T2CONbits                                             (abs)        000FCA
_T3CONbits                                             (abs)        000FB1
_TEMP_External_RB_interrupt_handler                    bssBANK0     0000B8
_TIMER0_BIT_TYPE                                       bssCOMRAM    00006A
_TIMER0_interrupt_handler                              bssBANK0     0000B4
_TIMER1_BIT_TYPE                                       bssCOMRAM    000069
_TIMER1_interrupt_handler                              bssBANK0     0000B2
_TIMER2_interrupt_handler                              bssBANK0     0000B0
_TIMER3_BIT_TYPE                                       bssCOMRAM    000067
_TIMER3_interrupt_handler                              bssBANK0     0000AE
_TMR0H                                                 (abs)        000FD7
_TMR0L                                                 (abs)        000FD6
_TMR1H                                                 (abs)        000FCF
_TMR1L                                                 (abs)        000FCE
_TMR2                                                  (abs)        000FCC
_TMR3H                                                 (abs)        000FB3
_TMR3L                                                 (abs)        000FB2
_TRISA                                                 (abs)        000F92
_TRISAbits                                             (abs)        000F92
_TRISB                                                 (abs)        000F93
_TRISC                                                 (abs)        000F94
_TRISCbits                                             (abs)        000F94
_TRISD                                                 (abs)        000F95
_TRISE                                                 (abs)        000F96
_TRIS_register                                         dataBANK1    000114
_TXREG                                                 (abs)        000FAD
_TXSTAbits                                             (abs)        000FAC
_Temp_control                                          text11       003324
_Trans_Interrupt_handler                               bssBANK0     0000AA
__HRAM                                                 (abs)        000000
__Habs1                                                abs1         000000
__Hbank0                                               bank0        000000
__Hbank1                                               bank1        000000
__Hbank10                                              bank10       000000
__Hbank11                                              bank11       000000
__Hbank12                                              bank12       000000
__Hbank13                                              bank13       000000
__Hbank14                                              bank14       000000
__Hbank15                                              bank15       000000
__Hbank2                                               bank2        000000
__Hbank3                                               bank3        000000
__Hbank4                                               bank4        000000
__Hbank5                                               bank5        000000
__Hbank6                                               bank6        000000
__Hbank7                                               bank7        000000
__Hbank8                                               bank8        000000
__Hbank9                                               bank9        000000
__Hbigbss                                              bigbss       000000
__Hbigdata                                             bigdata      000000
__Hbigram                                              bigram       000000
__Hbss                                                 bss          000000
__HbssBANK0                                            bssBANK0     000000
__HbssBANK1                                            bssBANK1     000000
__HbssCOMRAM                                           bssCOMRAM    000000
__Hcinit                                               cinit        000000
__Hclrtext                                             clrtext      000000
__Hcomram                                              comram       000000
__Hconfig                                              config       30000E
__Hconst                                               const        000000
__HcstackBANK0                                         cstackBANK0  000000
__HcstackBANK1                                         cstackBANK1  000000
__HcstackCOMRAM                                        cstackCOMRAM 000000
__Hdata                                                data         000000
__HdataBANK0                                           dataBANK0    000000
__HdataBANK1                                           dataBANK1    000000
__HdataCOMRAM                                          dataCOMRAM   000000
__Heeprom_data                                         eeprom_data  000000
__Hfarbss                                              farbss       000000
__Hfardata                                             fardata      000000
__Hibigdata                                            ibigdata     000000
__Hidata                                               idata        000000
__HidataBANK0                                          idataBANK0   000000
__HidataBANK1                                          idataBANK1   000000
__HidataCOMRAM                                         idataCOMRAM  000000
__Hidloc                                               idloc        200008
__Hifardata                                            ifardata     000000
__Hinit                                                init         00004A
__Hintcode                                             intcode      00000E
__Hintcode_body                                        intcode_body 000000
__Hintcodelo                                           intcodelo    000046
__Hintentry                                            intentry     000000
__Hintret                                              intret       000000
__Hintsave_regs                                        intsave_regs 000000
__Hirdata                                              irdata       000000
__Hmediumconst                                         mediumconst  000000
__HnvFARRAM                                            nvFARRAM     000000
__Hnvbit                                               nvbit        000000
__Hnvrram                                              nvrram       000000
__Hparam                                               rparam       000000
__Hpowerup                                             powerup      000046
__Hram                                                 ram          000000
__Hramtop                                              ramtop       001000
__Hrbit                                                rbit         000000
__Hrbss                                                rbss         000000
__Hrdata                                               rdata        000000
__Hreset_vec                                           reset_vec    000004
__Hrparam                                              rparam       000000
__Hsfr                                                 sfr          000000
__Hsmallconst                                          smallconst   001076
__Hspace_0                                             (abs)        004010
__Hspace_1                                             (abs)        00015B
__Hspace_2                                             (abs)        000000
__Hspace_4                                             (abs)        60000E
__Hstack                                               stack        000000
__Hstruct                                              struct       000000
__Htemp                                                temp         000070
__Htext                                                text         000000
__Htext0                                               text0        000000
__Htext1                                               text1        000000
__Htext10                                              text10       000000
__Htext100                                             text100      000000
__Htext101                                             text101      000000
__Htext102                                             text102      000000
__Htext103                                             text103      000000
__Htext104                                             text104      000000
__Htext105                                             text105      000000
__Htext106                                             text106      000000
__Htext107                                             text107      000000
__Htext108                                             text108      000000
__Htext109                                             text109      000000
__Htext11                                              text11       000000
__Htext110                                             text110      000000
__Htext111                                             text111      000000
__Htext112                                             text112      000000
__Htext113                                             text113      000000
__Htext114                                             text114      000000
__Htext12                                              text12       000000
__Htext13                                              text13       000000
__Htext14                                              text14       000000
__Htext15                                              text15       000000
__Htext16                                              text16       000000
__Htext17                                              text17       000000
__Htext18                                              text18       000000
__Htext19                                              text19       000000
__Htext2                                               text2        000000
__Htext20                                              text20       000000
__Htext21                                              text21       000000
__Htext22                                              text22       000000
__Htext23                                              text23       000000
__Htext24                                              text24       000000
__Htext25                                              text25       000000
__Htext26                                              text26       000000
__Htext27                                              text27       000000
__Htext28                                              text28       000000
__Htext29                                              text29       000000
__Htext3                                               text3        000000
__Htext30                                              text30       000000
__Htext31                                              text31       000000
__Htext32                                              text32       000000
__Htext33                                              text33       000000
__Htext34                                              text34       000000
__Htext35                                              text35       000000
__Htext36                                              text36       000000
__Htext37                                              text37       000000
__Htext38                                              text38       000000
__Htext39                                              text39       000000
__Htext4                                               text4        000000
__Htext40                                              text40       000000
__Htext41                                              text41       000000
__Htext42                                              text42       000000
__Htext43                                              text43       000000
__Htext44                                              text44       000000
__Htext45                                              text45       000000
__Htext46                                              text46       000000
__Htext47                                              text47       000000
__Htext48                                              text48       000000
__Htext49                                              text49       000000
__Htext5                                               text5        000000
__Htext50                                              text50       000000
__Htext51                                              text51       000000
__Htext52                                              text52       000000
__Htext53                                              text53       000000
__Htext54                                              text54       000000
__Htext55                                              text55       000000
__Htext56                                              text56       000000
__Htext57                                              text57       000000
__Htext58                                              text58       000000
__Htext59                                              text59       000000
__Htext6                                               text6        000000
__Htext60                                              text60       000000
__Htext61                                              text61       000000
__Htext62                                              text62       000000
__Htext63                                              text63       000000
__Htext64                                              text64       000000
__Htext65                                              text65       000000
__Htext66                                              text66       000000
__Htext67                                              text67       000000
__Htext68                                              text68       000000
__Htext69                                              text69       000000
__Htext7                                               text7        000000
__Htext70                                              text70       000000
__Htext71                                              text71       000000
__Htext72                                              text72       000000
__Htext73                                              text73       000000
__Htext74                                              text74       000000
__Htext75                                              text75       000000
__Htext76                                              text76       000000
__Htext77                                              text77       000000
__Htext78                                              text78       000000
__Htext79                                              text79       000000
__Htext8                                               text8        000000
__Htext80                                              text80       000000
__Htext81                                              text81       000000
__Htext82                                              text82       000000
__Htext83                                              text83       000000
__Htext84                                              text84       000000
__Htext85                                              text85       000000
__Htext86                                              text86       000000
__Htext87                                              text87       000000
__Htext88                                              text88       000000
__Htext89                                              text89       000000
__Htext9                                               text9        000000
__Htext90                                              text90       000000
__Htext91                                              text91       000000
__Htext93                                              text93       000000
__Htext95                                              text95       000000
__Htext96                                              text96       000000
__Htext97                                              text97       000000
__Htext98                                              text98       000000
__Htext99                                              text99       000000
__LRAM                                                 (abs)        000001
__Labs1                                                abs1         000000
__Lbank0                                               bank0        000000
__Lbank1                                               bank1        000000
__Lbank10                                              bank10       000000
__Lbank11                                              bank11       000000
__Lbank12                                              bank12       000000
__Lbank13                                              bank13       000000
__Lbank14                                              bank14       000000
__Lbank15                                              bank15       000000
__Lbank2                                               bank2        000000
__Lbank3                                               bank3        000000
__Lbank4                                               bank4        000000
__Lbank5                                               bank5        000000
__Lbank6                                               bank6        000000
__Lbank7                                               bank7        000000
__Lbank8                                               bank8        000000
__Lbank9                                               bank9        000000
__Lbigbss                                              bigbss       000000
__Lbigdata                                             bigdata      000000
__Lbigram                                              bigram       000000
__Lbss                                                 bss          000000
__LbssBANK0                                            bssBANK0     000000
__LbssBANK1                                            bssBANK1     000000
__LbssCOMRAM                                           bssCOMRAM    000000
__Lcinit                                               cinit        000000
__Lclrtext                                             clrtext      000000
__Lcomram                                              comram       000000
__Lconfig                                              config       000000
__Lconst                                               const        000000
__LcstackBANK0                                         cstackBANK0  000000
__LcstackBANK1                                         cstackBANK1  000000
__LcstackCOMRAM                                        cstackCOMRAM 000000
__Ldata                                                data         000000
__LdataBANK0                                           dataBANK0    000000
__LdataBANK1                                           dataBANK1    000000
__LdataCOMRAM                                          dataCOMRAM   000000
__Leeprom_data                                         eeprom_data  000000
__Lfarbss                                              farbss       000000
__Lfardata                                             fardata      000000
__Libigdata                                            ibigdata     000000
__Lidata                                               idata        000000
__LidataBANK0                                          idataBANK0   000000
__LidataBANK1                                          idataBANK1   000000
__LidataCOMRAM                                         idataCOMRAM  000000
__Lidloc                                               idloc        000000
__Lifardata                                            ifardata     000000
__Linit                                                init         000046
__Lintcode                                             intcode      000008
__Lintcode_body                                        intcode_body 000000
__Lintcodelo                                           intcodelo    000018
__Lintentry                                            intentry     000000
__Lintret                                              intret       000000
__Lintsave_regs                                        intsave_regs 000000
__Lirdata                                              irdata       000000
__Lmediumconst                                         mediumconst  000000
__LnvFARRAM                                            nvFARRAM     000000
__Lnvbit                                               nvbit        000000
__Lnvrram                                              nvrram       000000
__Lparam                                               rparam       000000
__Lpowerup                                             powerup      000046
__Lram                                                 ram          000000
__Lramtop                                              ramtop       001000
__Lrbit                                                rbit         000000
__Lrbss                                                rbss         000000
__Lrdata                                               rdata        000000
__Lreset_vec                                           reset_vec    000000
__Lrparam                                              rparam       000000
__Lsfr                                                 sfr          000000
__Lsmallconst                                          smallconst   001000
__Lspace_0                                             (abs)        000000
__Lspace_1                                             (abs)        000000
__Lspace_2                                             (abs)        000000
__Lspace_4                                             (abs)        000000
__Lstack                                               stack        000000
__Lstruct                                              struct       000000
__Ltemp                                                temp         00006F
__Ltext                                                text         000000
__Ltext0                                               text0        000000
__Ltext1                                               text1        000000
__Ltext10                                              text10       000000
__Ltext100                                             text100      000000
__Ltext101                                             text101      000000
__Ltext102                                             text102      000000
__Ltext103                                             text103      000000
__Ltext104                                             text104      000000
__Ltext105                                             text105      000000
__Ltext106                                             text106      000000
__Ltext107                                             text107      000000
__Ltext108                                             text108      000000
__Ltext109                                             text109      000000
__Ltext11                                              text11       000000
__Ltext110                                             text110      000000
__Ltext111                                             text111      000000
__Ltext112                                             text112      000000
__Ltext113                                             text113      000000
__Ltext114                                             text114      000000
__Ltext12                                              text12       000000
__Ltext13                                              text13       000000
__Ltext14                                              text14       000000
__Ltext15                                              text15       000000
__Ltext16                                              text16       000000
__Ltext17                                              text17       000000
__Ltext18                                              text18       000000
__Ltext19                                              text19       000000
__Ltext2                                               text2        000000
__Ltext20                                              text20       000000
__Ltext21                                              text21       000000
__Ltext22                                              text22       000000
__Ltext23                                              text23       000000
__Ltext24                                              text24       000000
__Ltext25                                              text25       000000
__Ltext26                                              text26       000000
__Ltext27                                              text27       000000
__Ltext28                                              text28       000000
__Ltext29                                              text29       000000
__Ltext3                                               text3        000000
__Ltext30                                              text30       000000
__Ltext31                                              text31       000000
__Ltext32                                              text32       000000
__Ltext33                                              text33       000000
__Ltext34                                              text34       000000
__Ltext35                                              text35       000000
__Ltext36                                              text36       000000
__Ltext37                                              text37       000000
__Ltext38                                              text38       000000
__Ltext39                                              text39       000000
__Ltext4                                               text4        000000
__Ltext40                                              text40       000000
__Ltext41                                              text41       000000
__Ltext42                                              text42       000000
__Ltext43                                              text43       000000
__Ltext44                                              text44       000000
__Ltext45                                              text45       000000
__Ltext46                                              text46       000000
__Ltext47                                              text47       000000
__Ltext48                                              text48       000000
__Ltext49                                              text49       000000
__Ltext5                                               text5        000000
__Ltext50                                              text50       000000
__Ltext51                                              text51       000000
__Ltext52                                              text52       000000
__Ltext53                                              text53       000000
__Ltext54                                              text54       000000
__Ltext55                                              text55       000000
__Ltext56                                              text56       000000
__Ltext57                                              text57       000000
__Ltext58                                              text58       000000
__Ltext59                                              text59       000000
__Ltext6                                               text6        000000
__Ltext60                                              text60       000000
__Ltext61                                              text61       000000
__Ltext62                                              text62       000000
__Ltext63                                              text63       000000
__Ltext64                                              text64       000000
__Ltext65                                              text65       000000
__Ltext66                                              text66       000000
__Ltext67                                              text67       000000
__Ltext68                                              text68       000000
__Ltext69                                              text69       000000
__Ltext7                                               text7        000000
__Ltext70                                              text70       000000
__Ltext71                                              text71       000000
__Ltext72                                              text72       000000
__Ltext73                                              text73       000000
__Ltext74                                              text74       000000
__Ltext75                                              text75       000000
__Ltext76                                              text76       000000
__Ltext77                                              text77       000000
__Ltext78                                              text78       000000
__Ltext79                                              text79       000000
__Ltext8                                               text8        000000
__Ltext80                                              text80       000000
__Ltext81                                              text81       000000
__Ltext82                                              text82       000000
__Ltext83                                              text83       000000
__Ltext84                                              text84       000000
__Ltext85                                              text85       000000
__Ltext86                                              text86       000000
__Ltext87                                              text87       000000
__Ltext88                                              text88       000000
__Ltext89                                              text89       000000
__Ltext9                                               text9        000000
__Ltext90                                              text90       000000
__Ltext91                                              text91       000000
__Ltext93                                              text93       000000
__Ltext95                                              text95       000000
__Ltext96                                              text96       000000
__Ltext97                                              text97       000000
__Ltext98                                              text98       000000
__Ltext99                                              text99       000000
__S0                                                   (abs)        004010
__S1                                                   (abs)        00015B
__S2                                                   (abs)        000000
__S4                                                   (abs)        000000
__S5                                                   (abs)        000000
___aodiv                                               text31       001D8C
___aodiv@counter                                       cstackCOMRAM 000020
[...]
      Totals:         6       0       0       0       0       0       0       0       0       0       0       0       0       0       0       0       0
Total ram usage:        6 bytes
 Hardware stack levels used:    1
 This function calls:
		Nothing
 This function is called by:
		_ISR_TIMER0
		_TIMER0_write_counter_reg_vlaue
 This function uses a non-reentrant model


 *************** function _ISR_SPI *****************
 Defined at:
		line 248 in file "MCAL_layer/SPI/hal_spi.c"
 Parameters:    Size  Location     Type
		None
 Auto vars:     Size  Location     Type
		None
 Return value:  Size  Location     Type
                  1    wreg      void 
 Registers used:
		wreg, fsr2l, fsr2h, status,2, status,0, prodl, prodh, cstack
 Tracked objects:
		On entry : 
		On exit  : 
		Unchanged: 
 Data sizes:     COMRAM   BANK0   BANK1   BANK2   BANK3   BANK4   BANK5   BANK6   BANK7   BANK8   BANK9  BANK10  BANK11  BANK12  BANK13  BANK14  BANK15
      Params:         0       0       0       0       0       0       0       0       0       0       0       0       0       0       0       0       0
      Locals:         0       0       0       0       0       0       0       0       0       0       0       0       0       0       0       0       0
      Temps:          0       0       0       0       0       0       0       0       0       0       0       0       0       0       0       0       0
      Totals:         0       0       0       0       0       0       0       0       0       0       0       0       0       0       0       0       0
Total ram usage:        0 bytes
 Hardware stack levels used:    1
 Hardware stack levels required when called:    1
 This function calls:
		i2_GPIO_PIN_write_logic
 This function is called by:
		_Interrupt_Manger_high
 This function uses a non-reentrant model


 *************** function i2_GPIO_PIN_write_logic *****************
 Defined at:
		line 76 in file "MCAL_layer/GPIO/hal_GPIO.c"
 Parameters:    Size  Location     Type
  pin_config      2    0[COMRAM] PTR const struct .
		 -> SS_pin(1), lcd2(6), keypad1(8), ECU_RELAY_turn_off@pin_config(1), 
		 -> ECU_RELAY_turn_on@pin_config(1), ECU_RELAY_turn_STOP@pin2(1), ECU_RELAY_turn_STOP@pin1(1), ECU_RELAY_turn_backword@pin2(1), 
		 -> ECU_RELAY_turn_backword@pin1(1), ECU_MOTOR_turn_forward@pin2(1), ECU_MOTOR_turn_forward@pin1(1), ECU_LED_turn_off@led(1), 
		 -> ECU_LED_turn_on@led(1), ECU_LED_intialization@led(1), 
  pin_logic       1    2[COMRAM] enum E2993
 Auto vars:     Size  Location     Type
  ret             1    0        unsigned char 
 Return value:  Size  Location     Type
                  1    wreg      unsigned char 
 Registers used:
		wreg, fsr2l, fsr2h, status,2, status,0, prodl, prodh
 Tracked objects:
		On entry : 
		On exit  : 
		Unchanged: 
 Data sizes:     COMRAM   BANK0   BANK1   BANK2   BANK3   BANK4   BANK5   BANK6   BANK7   BANK8   BANK9  BANK10  BANK11  BANK12  BANK13  BANK14  BANK15
      Params:         3       0       0       0       0       0       0       0       0       0       0       0       0       0       0       0       0
      Locals:         1       0       0       0       0       0       0       0       0       0       0       0       0       0       0       0       0
      Temps:          6       0       0       0       0       0       0       0       0       0       0       0       0       0       0       0       0
      Totals:        10       0       0       0       0       0       0       0       0       0       0       0       0       0       0       0       0
Total ram usage:       10 bytes
 Hardware stack levels used:    1
 This function calls:
		Nothing
 This function is called by:
		_ISR_SPI
 This function uses a non-reentrant model


 *************** function _ISR_RB *****************
 Defined at:
		line 521 in file "MCAL_layer/INTERRUPT/mcal_external_interrupt.c"
 Parameters:    Size  Location     Type
		None
 Auto vars:     Size  Location     Type
		None
 Return value:  Size  Location     Type
                  1    wreg      void 
 Registers used:
		None
 Tracked objects:
		On entry : 
		On exit  : 
		Unchanged: 
 Data sizes:     COMRAM   BANK0   BANK1   BANK2   BANK3   BANK4   BANK5   BANK6   BANK7   BANK8   BANK9  BANK10  BANK11  BANK12  BANK13  BANK14  BANK15
      Params:         0       0       0       0       0       0       0       0       0       0       0       0       0       0       0       0       0
      Locals:         0       0       0       0       0       0       0       0       0       0       0       0       0       0       0       0       0
      Temps:          0       0       0       0       0       0       0       0       0       0       0       0       0       0       0       0       0
      Totals:         0       0       0       0       0       0       0       0       0       0       0       0       0       0       0       0       0
Total ram usage:        0 bytes
 Hardware stack levels used:    1
 This function calls:
		Nothing
 This function is called by:
		_Interrupt_Manger_high
 This function uses a non-reentrant model


 *************** function _ISR_INT1 *****************
 Defined at:
		line 333 in file "MCAL_layer/INTERRUPT/mcal_external_interrupt.c"
 Parameters:    Size  Location     Type
		None
 Auto vars:     Size  Location     Type
		None
 Return value:  Size  Location     Type
                  1    wreg      void 
 Registers used:
		None
 Tracked objects:
		On entry : 
		On exit  : 
		Unchanged: 
 Data sizes:     COMRAM   BANK0   BANK1   BANK2   BANK3   BANK4   BANK5   BANK6   BANK7   BANK8   BANK9  BANK10  BANK11  BANK12  BANK13  BANK14  BANK15
      Params:         0       0       0       0       0       0       0       0       0       0       0       0       0       0       0       0       0
      Locals:         0       0       0       0       0       0       0       0       0       0       0       0       0       0       0       0       0
      Temps:          0       0       0       0       0       0       0       0       0       0       0       0       0       0       0       0       0
      Totals:         0       0       0       0       0       0       0       0       0       0       0       0       0       0       0       0       0
Total ram usage:        0 bytes
 Hardware stack levels used:    1
 This function calls:
		Nothing
 This function is called by:
		_Interrupt_Manger_high
 This function uses a non-reentrant model


 *************** function _ISR_INT0 *****************
 Defined at:
		line 324 in file "MCAL_layer/INTERRUPT/mcal_external_interrupt.c"
 Parameters:    Size  Location     Type
		None
 Auto vars:     Size  Location     Type
		None
 Return value:  Size  Location     Type
                  1    wreg      void 
 Registers used:
		None
 Tracked objects:
		On entry : 
		On exit  : 
		Unchanged: 
 Data sizes:     COMRAM   BANK0   BANK1   BANK2   BANK3   BANK4   BANK5   BANK6   BANK7   BANK8   BANK9  BANK10  BANK11  BANK12  BANK13  BANK14  BANK15
      Params:         0       0       0       0       0       0       0       0       0       0       0       0       0       0       0       0       0
      Locals:         0       0       0       0       0       0       0       0       0       0       0       0       0       0       0       0       0
      Temps:          0       0       0       0       0       0       0       0       0       0       0       0       0       0       0       0       0
      Totals:         0       0       0       0       0       0       0       0       0       0       0       0       0       0       0       0       0
Total ram usage:        0 bytes
 Hardware stack levels used:    1
 This function calls:
		Nothing
 This function is called by:
		_Interrupt_Manger_high
 This function uses a non-reentrant model


 *************** function _ISR_CCP1 *****************
 Defined at:
		line 275 in file "MCAL_layer/CCP1/hal_ccp1.c"
 Parameters:    Size  Location     Type
		None
 Auto vars:     Size  Location     Type
		None
 Return value:  Size  Location     Type
                  1    wreg      void 
 Registers used:
		None
 Tracked objects:
		On entry : 
		On exit  : 
		Unchanged: 
 Data sizes:     COMRAM   BANK0   BANK1   BANK2   BANK3   BANK4   BANK5   BANK6   BANK7   BANK8   BANK9  BANK10  BANK11  BANK12  BANK13  BANK14  BANK15
      Params:         0       0       0       0       0       0       0       0       0       0       0       0       0       0       0       0       0
      Locals:         0       0       0       0       0       0       0       0       0       0       0       0       0       0       0       0       0
      Temps:          0       0       0       0       0       0       0       0       0       0       0       0       0       0       0       0       0
      Totals:         0       0       0       0       0       0       0       0       0       0       0       0       0       0       0       0       0
Total ram usage:        0 bytes
 Hardware stack levels used:    1
 This function calls:
		Nothing
 This function is called by:
		_Interrupt_Manger_high
 This function uses a non-reentrant model


 *************** function _ISR_ADC *****************
 Defined at:
		line 295 in file "MCAL_layer/ADC/hal_ADC.c"
 Parameters:    Size  Location     Type
		None
 Auto vars:     Size  Location     Type
		None
 Return value:  Size  Location     Type
                  1    wreg      void 
 Registers used:
		None
 Tracked objects:
		On entry : 
		On exit  : 
		Unchanged: 
 Data sizes:     COMRAM   BANK0   BANK1   BANK2   BANK3   BANK4   BANK5   BANK6   BANK7   BANK8   BANK9  BANK10  BANK11  BANK12  BANK13  BANK14  BANK15
      Params:         0       0       0       0       0       0       0       0       0       0       0       0       0       0       0       0       0
      Locals:         0       0       0       0       0       0       0       0       0       0       0       0       0       0       0       0       0
      Temps:          0       0       0       0       0       0       0       0       0       0       0       0       0       0       0       0       0
      Totals:         0       0       0       0       0       0       0       0       0       0       0       0       0       0       0       0       0
Total ram usage:        0 bytes
 Hardware stack levels used:    1
 This function calls:
		Nothing
 This function is called by:
		_Interrupt_Manger_high
 This function uses a non-reentrant model



MODULE INFORMATION

Module		Function		Class		Link	Load	Size
C:\Program Files\Microchip\xc8\v2.30\pic\sources\c99\common\aomod.c
		___aomod       		CODE           	220C	0000	356

C:\Program Files\Microchip\xc8\v2.30\pic\sources\c99\common\aomod.c estimated size: 356

C:\Program Files\Microchip\xc8\v2.30\pic\sources\c99\common\abs.c
		_abs           		CODE           	3B96	0000	64

C:\Program Files\Microchip\xc8\v2.30\pic\sources\c99\common\abs.c estimated size: 64

C:\Program Files\Microchip\xc8\v2.30\pic\sources\c99\common\doprnt.c
		_vfpfcnvrt     		CODE           	1BCE	0000	446
		_pad           		CODE           	2F56	0000	194
		_dtoa          		CODE           	1076	0000	736
		_vfprintf      		CODE           	3862	0000	100

C:\Program Files\Microchip\xc8\v2.30\pic\sources\c99\common\doprnt.c estimated size: 1476

C:\Program Files\Microchip\xc8\v2.30\pic\sources\c99\common\putch.c
		_putch         		CODE           	400C	0000	2

C:\Program Files\Microchip\xc8\v2.30\pic\sources\c99\common\putch.c estimated size: 2

MCAL_layer/TIMER3/hal_timer3.c
		_write_16bit_vlaue@hal_timer3$F3626		CODE           	3E74	0000	24
		_ISR_TIMER3    		CODE           	3A48	0000	68
		_write_8bit_vlaue@hal_timer3$F3702		CODE           	3FB0	0000	6

MCAL_layer/TIMER3/hal_timer3.c estimated size: 98

MCAL_layer/TIMER2/hal_timer2.c
		_ISR_TIMER2    		CODE           	3F9C	0000	8

MCAL_layer/TIMER2/hal_timer2.c estimated size: 8

ECU_layer/CHAR_LCD/ecu_char_lcd.c
		_ECU_LCD_4_bit_write_char_data_in_pos		CODE           	181E	0000	474
		_ECU_LCD_4_bit_send_instruction		CODE           	2370	0000	312
		_ECU_LCD_4_bit_write_string_data_in_pos		CODE           	1356	0000	622
		_convert_uint8_byte_to_string		CODE           	3176	0000	154
		_ECU_LCD_4_bit_intialization		CODE           	25D2	0000	288

ECU_layer/CHAR_LCD/ecu_char_lcd.c estimated size: 1850

C:\Program Files\Microchip\xc8\v2.30\pic\sources\c99\common\nf_fputs.c
		_fputs         		CODE           	39C0	0000	68

C:\Program Files\Microchip\xc8\v2.30\pic\sources\c99\common\nf_fputs.c estimated size: 68

MCAL_layer/EEPROM/hal_eeprom.c
		_EEPROM_read_1byte_data		CODE           	34B2	0000	130
		_EEPROM_write_1byte_data		CODE           	3C54	0000	56
		_EEPROM_write_data_required_sequence		CODE           	3B14	0000	66

MCAL_layer/EEPROM/hal_eeprom.c estimated size: 252

MCAL_layer/CCP1/hal_ccp1.c
		_ISR_CCP1      		CODE           	4002	0000	4

MCAL_layer/CCP1/hal_ccp1.c estimated size: 4

MCAL_layer/SPI/hal_spi.c
		_ISR_SPI       		CODE           	3ED0	0000	20

MCAL_layer/SPI/hal_spi.c estimated size: 20

C:\Program Files\Microchip\xc8\v2.30\pic\sources\c99\common\aodiv.c
		___aodiv       		CODE           	1D8C	0000	392

C:\Program Files\Microchip\xc8\v2.30\pic\sources\c99\common\aodiv.c estimated size: 392

MCAL_layer/TIMER1/hal_timer1.c
		_write_8bit_vlaue@hal_timer1$F3393		CODE           	3FB6	0000	6
		_write_16bit_vlaue@hal_timer1$F3310		CODE           	3E8C	0000	24
		_ISR_TIMER1    		CODE           	3A8C	0000	68

MCAL_layer/TIMER1/hal_timer1.c estimated size: 98

MCAL_layer/TIMER0/hal_timer0.c
		_write_16bit_vlaue		CODE           	3EA4	0000	24
		_ISR_TIMER0    		CODE           	3AD0	0000	68
		_write_8bit_vlaue		CODE           	3FBC	0000	6

MCAL_layer/TIMER0/hal_timer0.c estimated size: 98

ECU_layer/KEYPAD/ecu_keypad.c
		_ECU_KEYPAD_read_value		CODE           	2A2C	0000	260
		_ECU_KEYPAD_intialization		CODE           	362A	0000	120

ECU_layer/KEYPAD/ecu_keypad.c estimated size: 380

ECU_layer/MOTOR/ecu_motor.c
		_ECU_MOTOR_intialization		CODE           	2CF0	0000	216
		_ECU_RELAY_turn_STOP		CODE           	2B30	0000	224
		_ECU_MOTOR_turn_forward		CODE           	2C10	0000	224

ECU_layer/MOTOR/ecu_motor.c estimated size: 664

MCAL_layer/I2C/i2c_master.c
		_I2C_Close     		CODE           	3D9C	0000	44
		_I2C_MasterStartRx		CODE           	3FCA	0000	4
		_I2C_DO_SEND_ADR_WRITE		CODE           	3F04	0000	14
		_I2C_MasterWaitForEvent		CODE           	3EE4	0000	16
		_I2C_DO_SEND_STOP		CODE           	3F74	0000	8
		_I2C_MasterSendNack		CODE           	3FAA	0000	6
		_I2C_MasterDisableIrq		CODE           	3FE2	0000	4
		_I2C_CallbackReturnStop		CODE           	3FD2	0000	4
		_I2C_MasterOperation		CODE           	3A04	0000	68
		_I2C_DO_SEND_ADR_READ		CODE           	3EF4	0000	16
		_I2C_DO_RX_NACK_STOP		CODE           	3F64	0000	8
		_I2C_DO_SEND_RESTART		CODE           	3F7C	0000	8
		_I2C_DO_RX     		CODE           	30D0	0000	166
		_I2C_DO_TX     		CODE           	2E92	0000	196
		_I2C_DO_IDLE   		CODE           	3F2A	0000	12
		_I2C_DO_RCEN   		CODE           	3F1E	0000	12
		_I2C_Poller    		CODE           	3E0E	0000	30
		_I2C_DO_RESET  		CODE           	3F12	0000	12
		_I2C_MasterClose		CODE           	3FE6	0000	4
		_I2C_MasterWrite		CODE           	3F54	0000	8
		_I2C_DO_RX_ACK 		CODE           	3F6C	0000	8
		_I2C_MasterStart		CODE           	3FDE	0000	4
		_I2C_MasterClearIrq		CODE           	3FEA	0000	4
		_I2C_MasterGetRxData		CODE           	3FC6	0000	4
		_I2C_SetCallback		CODE           	35B0	0000	122
		_I2C_DO_ADDRESS_NACK		CODE           	37FC	0000	102
		_I2C_MasterEnableRestart		CODE           	3FDA	0000	4
		_I2C_CallbackReturnReset		CODE           	3FCE	0000	4
		_I2C_Open      		CODE           	3210	0000	142
		_I2C_SetAddressNackCallback		CODE           	3E44	0000	24
		_I2C_DO_TX_EMPTY		CODE           	3534	0000	124
		_I2C_DO_SEND_RESTART_WRITE		CODE           	3F84	0000	8
		_I2C_MasterIsNack		CODE           	3EBC	0000	20
		_I2C_SetDataCompleteCallback		CODE           	3E5C	0000	24
		_I2C_DO_RX_NACK_RESTART		CODE           	3F5C	0000	8
		_I2C_MasterSendAck		CODE           	3FA4	0000	6
		_I2C_MasterFsm 		CODE           	378C	0000	112
		_I2C_MasterSetIrq		CODE           	3FC2	0000	4
		_I2C_DO_SEND_RESTART_READ		CODE           	3F8C	0000	8
		_I2C_Initialize		CODE           	3E2C	0000	24
		_I2C_SetBuffer 		CODE           	3DC8	0000	36
		_I2C_MasterOpen		CODE           	3DEC	0000	34
		_I2C_MasterSendTxData		CODE           	3F94	0000	8
		_I2C_MasterStop		CODE           	3FD6	0000	4

MCAL_layer/I2C/i2c_master.c estimated size: 1478

shared
		__initialization		CODE           	329E	0000	124
		_keypad_values 		SMALLCONST     	1021	0000	16
		i2_GPIO_PIN_write_logic		CODE           	2810	0000	276
		_i2c_fsmStateTable		SMALLCONST     	1001	0000	32

shared estimated size: 448

C:\Program Files\Microchip\xc8\v2.30\pic\sources\c99\common\nf_fputc.c
		_fputc         		CODE           	2DC8	0000	202

C:\Program Files\Microchip\xc8\v2.30\pic\sources\c99\common\nf_fputc.c estimated size: 202

ECU_layer/LED/ecu_led.c
		_ECU_LED_turn_on		CODE           	33AA	0000	132
		_ECU_LED_intialization		CODE           	36A2	0000	118
		_ECU_LED_turn_off		CODE           	342E	0000	132

ECU_layer/LED/ecu_led.c estimated size: 382

MCAL_layer/I2C/i2c_master_example.c
		_wr1RegCompleteHandler		CODE           	3CEC	0000	44
		_wr2RegCompleteHandler		CODE           	3D70	0000	44
		_I2C_Read1ByteRegister		CODE           	3718	0000	116
		_rdBlkRegCompleteHandler		CODE           	3BD6	0000	64
		_rd1RegCompleteHandler		CODE           	3D44	0000	44
		_rd2RegCompleteHandler		CODE           	3D18	0000	44

MCAL_layer/I2C/i2c_master_example.c estimated size: 356

ECU_layer/ecu_layer_initializaton.c
		_ecu_layer_intialization		CODE           	3C16	0000	62

ECU_layer/ecu_layer_initializaton.c estimated size: 62

C:\Program Files\Microchip\xc8\v2.30\pic\sources\c99\common\strlen.c
		_strlen        		CODE           	3970	0000	80

C:\Program Files\Microchip\xc8\v2.30\pic\sources\c99\common\strlen.c estimated size: 80

C:\Program Files\Microchip\xc8\v2.30\pic\sources\c99\common\memset.c
		_memset        		CODE           	2096	0000	374

C:\Program Files\Microchip\xc8\v2.30\pic\sources\c99\common\memset.c estimated size: 374

C:\Program Files\Microchip\xc8\v2.30\pic\sources\c99\common\nf_sprintf.c
		_sprintf       		CODE           	391E	0000	82

C:\Program Files\Microchip\xc8\v2.30\pic\sources\c99\common\nf_sprintf.c estimated size: 82

MCAL_layer/GPIO/hal_GPIO.c
		_GPIO_PIN_intialization		CODE           	3B56	0000	64
		_GPIO_PIN_write_logic		CODE           	26F2	0000	286
		_GPIO_PIN_read_logic		CODE           	3018	0000	184
		_GPIO_PIN_directoin_intialization		CODE           	24A8	0000	298

MCAL_layer/GPIO/hal_GPIO.c estimated size: 832

MCAL_layer/ADC/hal_ADC.c
		_ISR_ADC       		CODE           	4006	0000	4

MCAL_layer/ADC/hal_ADC.c estimated size: 4

MCAL_layer/INTERRUPT/mcal_interrupt_manger.c
		_Interrupt_Manger_low		CODE           	0018	0000	46
		_Interrupt_Manger_high		CODE           	0008	0000	476

MCAL_layer/INTERRUPT/mcal_interrupt_manger.c estimated size: 522

application.c
		_LCD_home_screen		CODE           	3F40	0000	10
		_Temp_control  		CODE           	3324	0000	134
		_main          		CODE           	38C6	0000	88
		_motor_init    		CODE           	3C8C	0000	52
		_write_time_on_LCD		CODE           	1F14	0000	386
		_write_status_on_LCD		CODE           	2924	0000	264
		_Get_order_from_user		CODE           	15C4	0000	602
		_application_intialization		CODE           	3F36	0000	10

application.c estimated size: 1546

MCAL_layer/USART/hal_usart.c
		_ISR_USART_Receive		CODE           	400E	0000	2
		_ISR_USART_Trans		CODE           	3FF2	0000	4

MCAL_layer/USART/hal_usart.c estimated size: 6

MCAL_layer/INTERRUPT/mcal_external_interrupt.c
		_ISR_RB        		CODE           	3FF6	0000	4
		_ISR_INT0      		CODE           	3FFE	0000	4
		_ISR_INT1      		CODE           	3FFA	0000	4
		_ISR_INT2      		CODE           	3FEE	0000	4

MCAL_layer/INTERRUPT/mcal_external_interrupt.c estimated size: 16

